// Jest Snapshot v1, https://goo.gl/fbAQLP

exports[`Should render ExpenseList with expense 1`] = `
<div>
  <h1>
    Expense List
  </h1>
  <ExpenseItemList
    amount={100}
    createdAt={0}
    description="Gum"
    id="1"
    key="1"
    note=""
  />
  <ExpenseItemList
    amount={1950}
    createdAt={-345600000}
    description="Rent"
    id="2"
    key="2"
    note=""
  />
  <ExpenseItemList
    amount={20000}
    createdAt={345600000}
    description="Credit Card"
    id="3"
    key="3"
    note=""
  />
</div>
`;

exports[`should rendere expensesList with empty message 1`] = `
<div>
  <h1>
    Expense List
  </h1>
  <p>
    No Expenses
  </p>
</div>
`;
