// Jest Snapshot v1, https://goo.gl/fbAQLP

exports[`Should correctly render ExpenseSummary with 1 expense 1`] = `
<div>
  <h1>
    Viewing 
    1
     
    expense
     totalling 
    $13,165.46
  </h1>
</div>
`;

exports[`Should correctly render ExpenseSummary with multiple expenses 1`] = `
<div>
  <h1>
    Viewing 
    1
     
    expense
     totalling 
    $13,165.46
  </h1>
</div>
`;
